connect timeout via: shell watchdog (no coreutils timeout found)

[1] deploying a probe that serves HTTPS with its own RA-TLS certificate
  5a61e31c-fa8e-4b8d-8c83-69ce8ad83783

[2] waiting for the probe to obtain a certificate and listen
  obtained via:    dstack-sdk
  in-CVM cert:     830bb3da253e64e920c0f2900af9e6a5…

[3] resolving the CVM's public hostname
  app_id:      1f757bccc24b1264b0b546f2e280907b786465bf
  base domain: dstack-pha-prod5.phala.network
  advertised:  https://1f757bccc24b1264b0b546f2e280907b786465bf-8443.dstack-pha-prod5.phala.network
  passthrough: 1f757bccc24b1264b0b546f2e280907b786465bf-8443s.dstack-pha-prod5.phala.network
  terminated:  1f757bccc24b1264b0b546f2e280907b786465bf-8443.dstack-pha-prod5.phala.network
  note: the platform advertises the TERMINATING form — an orchestrator that
        forwards this endpoint unchanged would hand agents a connection they cannot channel-bind.

[4] dialling the passthrough form — expect the enclave's own certificate
  handshake completed on attempt 1, 1s in
  presented: 830bb3da253e64e920c0f2900af9e6a5…
    subject=CN=verity-gateway-probe
    issuer=O=Dstack, CN=Dstack App CA

[5] dialling the terminating form — the control
  presented: 0b8b15b8d3960bb6f8ec3dff4b734676…
    subject=CN=*.dstack-pha-prod5.phala.network
    issuer=C=US, O=Let's Encrypt, CN=YE2

[6] the verdict
  passthrough presents the enclave's own certificate — fingerprints match.
  terminating form presents a DIFFERENT certificate — routing confirmed.

  sha512("ratls-cert:" || SPKI of the presented cert)
    = d1a4ed6d2c12c02deb6b54edd6a406b5d146191db59dd51f…

[7] the end-to-end positive — verifying the connection we are actually holding
  quote extracted from the served certificate: 5010 bytes
    quote:          5010 bytes
    compose:        29534 bytes
    licensed hash:  8a10576b9dcc51d6a1cd71206958eb97acf1bc7d4d510c51441283cccc95c0e3
    endpoint:       https://1f757bccc24b1264b0b546f2e280907b786465bf-8443s.dstack-pha-prod5.phala.network
    
    checks performed:
      compose_hash           passed
      images_pinned          passed
      licensed_image_present passed
      quote_signature        passed
      tcb_status             passed
      mr_config_id           passed
      boot_measurements      skipped (no OS image reference supplied)
      channel_bound          passed
    
    measured boot registers (a reference is captured, never derived):
      mrtd   f06dfda6dce1cf904d4e2bab1dc370634cf95cefa2ceb2de2eee127c9382698090d7a4a13e14c536ec6c9c3c8fa87077
      rtmr0  68102e7b524af310f7b7d426ce75481e36c40f5d513a9009c046e9d37e31551f0134d954b496a3357fd61d03f07ffe96
      rtmr1  07e6f51aa763abfe75c3ddfbf4f425fe3f0ceff66d807a75e049303dce9addf68e7218729bd419638af63a370f65878c
      rtmr2  df67e467e60edc1737bcf8e682d48131bfb427f523226aa7f197a7608e9b3784783fa759ef5b28191fa12f9ddb36b858
    
    ACCEPTED
  ACCEPTED: channel_bound passed against the certificate this run actually handshook with.

[8] the end-to-end negative — the same quote, the gateway's certificate
  REFUSED: the gateway's valid Let's Encrypt certificate does not bind to the enclave's quote.

[10] the end-to-end positive — connect_verified against the live passthrough endpoint
    endpoint:       https://1f757bccc24b1264b0b546f2e280907b786465bf-8443s.dstack-pha-prod5.phala.network
    endpoint form:  DstackPassthrough
    licensed hash:  8a10576b9dcc51d6a1cd71206958eb97acf1bc7d4d510c51441283cccc95c0e3
    
    checks performed:
      compose_hash           passed
      images_pinned          passed
      licensed_image_present passed
      quote_signature        passed
      tcb_status             passed
      mr_config_id           passed
      boot_measurements      skipped (no OS image reference supplied)
      channel_bound          passed
    
    channel binding established over SPKI (91 bytes)
    GET / -> 200
    body: verity-gateway-probe
    
    CONNECTED
  CONNECTED: the library dialled, verified and used the connection itself.

[11] the end-to-end negative — the same CVM, the terminating form
    endpoint:       https://1f757bccc24b1264b0b546f2e280907b786465bf-8443.dstack-pha-prod5.phala.network
    endpoint form:  DstackTerminating
    licensed hash:  8a10576b9dcc51d6a1cd71206958eb97acf1bc7d4d510c51441283cccc95c0e3
    
    refusal kind:   endpoint_unusable
    refusal:        `1f757bccc24b1264b0b546f2e280907b786465bf-8443.dstack-pha-prod5.phala.network` is dStack's TLS-terminating gateway form: the certificate it presents belongs to the gateway, not the enclave, so this connection can never be channel bound. Use the passthrough form `1f757bccc24b1264b0b546f2e280907b786465bf-8443s.dstack-pha-prod5.phala.network`
    
    REFUSED
  REFUSED: before a socket was opened, naming the passthrough form as the fix.

[12] answered
  Channel binding is implementable — but ONLY against the 's'-suffixed passthrough endpoint.
  On the default form the agent's TLS peer is the gateway, and report_data commits to a key
  the agent never sees. Whatever returns an endpoint to an agent must return the passthrough
  form, and the verifier should refuse an endpoint it cannot channel-bind rather than fall back.

  artifacts: /Users/peter/Developer/src/github.com/ithaka-dev/verity-foundation/closed-loop/../records/experiments/artifacts/2026-08-09-gateway-tls-mode/

tearing down 5a61e31c-fa8e-4b8d-8c83-69ce8ad83783
